Check Architecture Best Practices	UNKNOWN STEP	ï»¿2026-01-23T18:31:55.3287119Z Current runner version: '2.331.0'
Check Architecture Best Practices	UNKNOWN STEP	2026-01-23T18:31:55.3314355Z ##[group]Runner Image Provisioner
Check Architecture Best Practices	UNKNOWN STEP	2026-01-23T18:31:55.3315390Z Hosted Compute Agent
Check Architecture Best Practices	UNKNOWN STEP	2026-01-23T18:31:55.3316073Z Version: 20260115.477
Check Architecture Best Practices	UNKNOWN STEP	2026-01-23T18:31:55.3316649Z Commit: 4b342d620503cbe250a3154040964899ea7c9b00
Check Architecture Best Practices	UNKNOWN STEP	2026-01-23T18:31:55.3317339Z Build Date: 2026-01-15T22:32:41Z
Check Architecture Best Practices	UNKNOWN STEP	2026-01-23T18:31:55.3317990Z Worker ID: {2bdc97d6-b667-4be6-b918-4f19dd9b6eb5}
Check Architecture Best Practices	UNKNOWN STEP	2026-01-23T18:31:55.3318943Z Azure Region: eastus2
Check Architecture Best Practices	UNKNOWN STEP	2026-01-23T18:31:55.3319621Z ##[endgroup]
Check Architecture Best Practices	UNKNOWN STEP	2026-01-23T18:31:55.3321238Z ##[group]Operating System
Check Architecture Best Practices	UNKNOWN STEP	2026-01-23T18:31:55.3321859Z Ubuntu
Check Architecture Best Practices	UNKNOWN STEP	2026-01-23T18:31:55.3322300Z 24.04.3
Check Architecture Best Practices	UNKNOWN STEP	2026-01-23T18:31:55.3322811Z LTS
Check Architecture Best Practices	UNKNOWN STEP	2026-01-23T18:31:55.3323229Z ##[endgroup]
Check Architecture Best Practices	UNKNOWN STEP	2026-01-23T18:31:55.3323748Z ##[group]Runner Image
Check Architecture Best Practices	UNKNOWN STEP	2026-01-23T18:31:55.3324295Z Image: ubuntu-24.04
Check Architecture Best Practices	UNKNOWN STEP	2026-01-23T18:31:55.3324822Z Version: 20260119.4.1
Check Architecture Best Practices	UNKNOWN STEP	2026-01-23T18:31:55.3325935Z Included Software: https://github.com/actions/runner-images/blob/ubuntu24/20260119.4/images/ubuntu/Ubuntu2404-Readme.md
Check Architecture Best Practices	UNKNOWN STEP	2026-01-23T18:31:55.3327427Z Image Release: https://github.com/actions/runner-images/releases/tag/ubuntu24%2F20260119.4
Check Architecture Best Practices	UNKNOWN STEP	2026-01-23T18:31:55.3328327Z ##[endgroup]
Check Architecture Best Practices	UNKNOWN STEP	2026-01-23T18:31:55.3331290Z ##[group]GITHUB_TOKEN Permissions
Check Architecture Best Practices	UNKNOWN STEP	2026-01-23T18:31:55.3333541Z Actions: write
Check Architecture Best Practices	UNKNOWN STEP	2026-01-23T18:31:55.3334212Z ArtifactMetadata: write
Check Architecture Best Practices	UNKNOWN STEP	2026-01-23T18:31:55.3334748Z Attestations: write
Check Architecture Best Practices	UNKNOWN STEP	2026-01-23T18:31:55.3335252Z Checks: write
Check Architecture Best Practices	UNKNOWN STEP	2026-01-23T18:31:55.3335800Z Contents: write
Check Architecture Best Practices	UNKNOWN STEP	2026-01-23T18:31:55.3336286Z Deployments: write
Check Architecture Best Practices	UNKNOWN STEP	2026-01-23T18:31:55.3336822Z Discussions: write
Check Architecture Best Practices	UNKNOWN STEP	2026-01-23T18:31:55.3337341Z Issues: write
Check Architecture Best Practices	UNKNOWN STEP	2026-01-23T18:31:55.3337851Z Metadata: read
Check Architecture Best Practices	UNKNOWN STEP	2026-01-23T18:31:55.3338297Z Models: read
Check Architecture Best Practices	UNKNOWN STEP	2026-01-23T18:31:55.3339008Z Packages: write
Check Architecture Best Practices	UNKNOWN STEP	2026-01-23T18:31:55.3339504Z Pages: write
Check Architecture Best Practices	UNKNOWN STEP	2026-01-23T18:31:55.3340480Z PullRequests: write
Check Architecture Best Practices	UNKNOWN STEP	2026-01-23T18:31:55.3341123Z RepositoryProjects: write
Check Architecture Best Practices	UNKNOWN STEP	2026-01-23T18:31:55.3341674Z SecurityEvents: write
Check Architecture Best Practices	UNKNOWN STEP	2026-01-23T18:31:55.3342214Z Statuses: write
Check Architecture Best Practices	UNKNOWN STEP	2026-01-23T18:31:55.3343152Z ##[endgroup]
Check Architecture Best Practices	UNKNOWN STEP	2026-01-23T18:31:55.3345386Z Secret source: Actions
Check Architecture Best Practices	UNKNOWN STEP	2026-01-23T18:31:55.3346407Z Prepare workflow directory
Check Architecture Best Practices	UNKNOWN STEP	2026-01-23T18:31:55.3677424Z Prepare all required actions
Check Architecture Best Practices	UNKNOWN STEP	2026-01-23T18:31:55.3716975Z Getting action download info
Check Architecture Best Practices	UNKNOWN STEP	2026-01-23T18:31:55.6487028Z Download action repository 'actions/checkout@v4' (SHA:34e114876b0b11c390a56381ad16ebd13914f8d5)
Check Architecture Best Practices	UNKNOWN STEP	2026-01-23T18:31:55.8599598Z Complete job name: Check Architecture Best Practices
Check Architecture Best Practices	UNKNOWN STEP	2026-01-23T18:31:55.9395834Z ##[group]Run actions/checkout@v4
Check Architecture Best Practices	UNKNOWN STEP	2026-01-23T18:31:55.9396698Z with:
Check Architecture Best Practices	UNKNOWN STEP	2026-01-23T18:31:55.9397156Z   repository: konard/Jhon-Crow-godot-topdown-MVP
Check Architecture Best Practices	UNKNOWN STEP	2026-01-23T18:31:55.9397898Z   token: ***
Check Architecture Best Practices	UNKNOWN STEP	2026-01-23T18:31:55.9398298Z   ssh-strict: true
Check Architecture Best Practices	UNKNOWN STEP	2026-01-23T18:31:55.9398889Z   ssh-user: git
Check Architecture Best Practices	UNKNOWN STEP	2026-01-23T18:31:55.9399498Z   persist-credentials: true
Check Architecture Best Practices	UNKNOWN STEP	2026-01-23T18:31:55.9400002Z   clean: true
Check Architecture Best Practices	UNKNOWN STEP	2026-01-23T18:31:55.9400404Z   sparse-checkout-cone-mode: true
Check Architecture Best Practices	UNKNOWN STEP	2026-01-23T18:31:55.9400876Z   fetch-depth: 1
Check Architecture Best Practices	UNKNOWN STEP	2026-01-23T18:31:55.9401258Z   fetch-tags: false
Check Architecture Best Practices	UNKNOWN STEP	2026-01-23T18:31:55.9401651Z   show-progress: true
Check Architecture Best Practices	UNKNOWN STEP	2026-01-23T18:31:55.9402076Z   lfs: false
Check Architecture Best Practices	UNKNOWN STEP	2026-01-23T18:31:55.9402436Z   submodules: false
Check Architecture Best Practices	UNKNOWN STEP	2026-01-23T18:31:55.9402839Z   set-safe-directory: true
Check Architecture Best Practices	UNKNOWN STEP	2026-01-23T18:31:55.9403578Z ##[endgroup]
Check Architecture Best Practices	UNKNOWN STEP	2026-01-23T18:31:56.0477145Z Syncing repository: konard/Jhon-Crow-godot-topdown-MVP
Check Architecture Best Practices	UNKNOWN STEP	2026-01-23T18:31:56.0479066Z ##[group]Getting Git version info
Check Architecture Best Practices	UNKNOWN STEP	2026-01-23T18:31:56.0480033Z Working directory is '/home/runner/work/Jhon-Crow-godot-topdown-MVP/Jhon-Crow-godot-topdown-MVP'
Check Architecture Best Practices	UNKNOWN STEP	2026-01-23T18:31:56.0481267Z [command]/usr/bin/git version
Check Architecture Best Practices	UNKNOWN STEP	2026-01-23T18:31:56.0569566Z git version 2.52.0
Check Architecture Best Practices	UNKNOWN STEP	2026-01-23T18:31:56.0595825Z ##[endgroup]
Check Architecture Best Practices	UNKNOWN STEP	2026-01-23T18:31:56.0610006Z Temporarily overriding HOME='/home/runner/work/_temp/33bca4f5-458c-430f-ac92-52e16ddd3161' before making global git config changes
Check Architecture Best Practices	UNKNOWN STEP	2026-01-23T18:31:56.0611390Z Adding repository directory to the temporary git global config as a safe directory
Check Architecture Best Practices	UNKNOWN STEP	2026-01-23T18:31:56.0624192Z [command]/usr/bin/git config --global --add safe.directory /home/runner/work/Jhon-Crow-godot-topdown-MVP/Jhon-Crow-godot-topdown-MVP
Check Architecture Best Practices	UNKNOWN STEP	2026-01-23T18:31:56.0663627Z Deleting the contents of '/home/runner/work/Jhon-Crow-godot-topdown-MVP/Jhon-Crow-godot-topdown-MVP'
Check Architecture Best Practices	UNKNOWN STEP	2026-01-23T18:31:56.0666820Z ##[group]Initializing the repository
Check Architecture Best Practices	UNKNOWN STEP	2026-01-23T18:31:56.0671589Z [command]/usr/bin/git init /home/runner/work/Jhon-Crow-godot-topdown-MVP/Jhon-Crow-godot-topdown-MVP
Check Architecture Best Practices	UNKNOWN STEP	2026-01-23T18:31:56.0798439Z hint: Using 'master' as the name for the initial branch. This default branch name
Check Architecture Best Practices	UNKNOWN STEP	2026-01-23T18:31:56.0799838Z hint: will change to "main" in Git 3.0. To configure the initial branch name
Check Architecture Best Practices	UNKNOWN STEP	2026-01-23T18:31:56.0800773Z hint: to use in all of your new repositories, which will suppress this warning,
Check Architecture Best Practices	UNKNOWN STEP	2026-01-23T18:31:56.0801501Z hint: call:
Check Architecture Best Practices	UNKNOWN STEP	2026-01-23T18:31:56.0801869Z hint:
Check Architecture Best Practices	UNKNOWN STEP	2026-01-23T18:31:56.0802351Z hint: 	git config --global init.defaultBranch <name>
Check Architecture Best Practices	UNKNOWN STEP	2026-01-23T18:31:56.0803043Z hint:
Check Architecture Best Practices	UNKNOWN STEP	2026-01-23T18:31:56.0803931Z hint: Names commonly chosen instead of 'master' are 'main', 'trunk' and
Check Architecture Best Practices	UNKNOWN STEP	2026-01-23T18:31:56.0805001Z hint: 'development'. The just-created branch can be renamed via this command:
Check Architecture Best Practices	UNKNOWN STEP	2026-01-23T18:31:56.0805760Z hint:
Check Architecture Best Practices	UNKNOWN STEP	2026-01-23T18:31:56.0806142Z hint: 	git branch -m <name>
Check Architecture Best Practices	UNKNOWN STEP	2026-01-23T18:31:56.0806586Z hint:
Check Architecture Best Practices	UNKNOWN STEP	2026-01-23T18:31:56.0807181Z hint: Disable this message with "git config set advice.defaultBranchName false"
Check Architecture Best Practices	UNKNOWN STEP	2026-01-23T18:31:56.0808424Z Initialized empty Git repository in /home/runner/work/Jhon-Crow-godot-topdown-MVP/Jhon-Crow-godot-topdown-MVP/.git/
Check Architecture Best Practices	UNKNOWN STEP	2026-01-23T18:31:56.0814896Z [command]/usr/bin/git remote add origin https://github.com/konard/Jhon-Crow-godot-topdown-MVP
Check Architecture Best Practices	UNKNOWN STEP	2026-01-23T18:31:56.0848361Z ##[endgroup]
Check Architecture Best Practices	UNKNOWN STEP	2026-01-23T18:31:56.0849234Z ##[group]Disabling automatic garbage collection
Check Architecture Best Practices	UNKNOWN STEP	2026-01-23T18:31:56.0852730Z [command]/usr/bin/git config --local gc.auto 0
Check Architecture Best Practices	UNKNOWN STEP	2026-01-23T18:31:56.0879856Z ##[endgroup]
Check Architecture Best Practices	UNKNOWN STEP	2026-01-23T18:31:56.0880526Z ##[group]Setting up auth
Check Architecture Best Practices	UNKNOWN STEP	2026-01-23T18:31:56.0886960Z [command]/usr/bin/git config --local --name-only --get-regexp core\.sshCommand
Check Architecture Best Practices	UNKNOWN STEP	2026-01-23T18:31:56.0915871Z [command]/usr/bin/git submodule foreach --recursive sh -c "git config --local --name-only --get-regexp 'core\.sshCommand' && git config --local --unset-all 'core.sshCommand' || :"
Check Architecture Best Practices	UNKNOWN STEP	2026-01-23T18:31:56.1259991Z [command]/usr/bin/git config --local --name-only --get-regexp http\.https\:\/\/github\.com\/\.extraheader
Check Architecture Best Practices	UNKNOWN STEP	2026-01-23T18:31:56.1291187Z [command]/usr/bin/git submodule foreach --recursive sh -c "git config --local --name-only --get-regexp 'http\.https\:\/\/github\.com\/\.extraheader' && git config --local --unset-all 'http.https://github.com/.extraheader' || :"
Check Architecture Best Practices	UNKNOWN STEP	2026-01-23T18:31:56.1522901Z [command]/usr/bin/git config --local --name-only --get-regexp ^includeIf\.gitdir:
Check Architecture Best Practices	UNKNOWN STEP	2026-01-23T18:31:56.1554151Z [command]/usr/bin/git submodule foreach --recursive git config --local --show-origin --name-only --get-regexp remote.origin.url
Check Architecture Best Practices	UNKNOWN STEP	2026-01-23T18:31:56.1795983Z [command]/usr/bin/git config --local http.https://github.com/.extraheader AUTHORIZATION: basic ***
Check Architecture Best Practices	UNKNOWN STEP	2026-01-23T18:31:56.1831668Z ##[endgroup]
Check Architecture Best Practices	UNKNOWN STEP	2026-01-23T18:31:56.1832565Z ##[group]Fetching the repository
Check Architecture Best Practices	UNKNOWN STEP	2026-01-23T18:31:56.1840437Z [command]/usr/bin/git -c protocol.version=2 fetch --no-tags --prune --no-recurse-submodules --depth=1 origin +ff288304bbfa526301235fb8022d3182488cc497:refs/remotes/origin/issue-262-60adeb8182ff
Check Architecture Best Practices	UNKNOWN STEP	2026-01-23T18:31:57.3741650Z From https://github.com/konard/Jhon-Crow-godot-topdown-MVP
Check Architecture Best Practices	UNKNOWN STEP	2026-01-23T18:31:57.3744216Z  * [new ref]         ff288304bbfa526301235fb8022d3182488cc497 -> origin/issue-262-60adeb8182ff
Check Architecture Best Practices	UNKNOWN STEP	2026-01-23T18:31:57.3774660Z ##[endgroup]
Check Architecture Best Practices	UNKNOWN STEP	2026-01-23T18:31:57.3776345Z ##[group]Determining the checkout info
Check Architecture Best Practices	UNKNOWN STEP	2026-01-23T18:31:57.3778201Z ##[endgroup]
Check Architecture Best Practices	UNKNOWN STEP	2026-01-23T18:31:57.3781045Z [command]/usr/bin/git sparse-checkout disable
Check Architecture Best Practices	UNKNOWN STEP	2026-01-23T18:31:57.3821698Z [command]/usr/bin/git config --local --unset-all extensions.worktreeConfig
Check Architecture Best Practices	UNKNOWN STEP	2026-01-23T18:31:57.3846966Z ##[group]Checking out the ref
Check Architecture Best Practices	UNKNOWN STEP	2026-01-23T18:31:57.3850805Z [command]/usr/bin/git checkout --progress --force -B issue-262-60adeb8182ff refs/remotes/origin/issue-262-60adeb8182ff
Check Architecture Best Practices	UNKNOWN STEP	2026-01-23T18:31:57.6088097Z Switched to a new branch 'issue-262-60adeb8182ff'
Check Architecture Best Practices	UNKNOWN STEP	2026-01-23T18:31:57.6090752Z branch 'issue-262-60adeb8182ff' set up to track 'origin/issue-262-60adeb8182ff'.
Check Architecture Best Practices	UNKNOWN STEP	2026-01-23T18:31:57.6119524Z ##[endgroup]
Check Architecture Best Practices	UNKNOWN STEP	2026-01-23T18:31:57.6157194Z [command]/usr/bin/git log -1 --format=%H
Check Architecture Best Practices	UNKNOWN STEP	2026-01-23T18:31:57.6179676Z ff288304bbfa526301235fb8022d3182488cc497
Check Architecture Best Practices	UNKNOWN STEP	2026-01-23T18:31:57.6366100Z ##[group]Run echo "Checking GDScript file sizes..."
Check Architecture Best Practices	UNKNOWN STEP	2026-01-23T18:31:57.6366618Z [36;1mecho "Checking GDScript file sizes..."[0m
Check Architecture Best Practices	UNKNOWN STEP	2026-01-23T18:31:57.6367093Z [36;1m# Current limits - these will be reduced as refactoring progresses[0m
Check Architecture Best Practices	UNKNOWN STEP	2026-01-23T18:31:57.6367538Z [36;1m# Target: MAX_LINES=800, WARN_LINES=500[0m
Check Architecture Best Practices	UNKNOWN STEP	2026-01-23T18:31:57.6368023Z [36;1m# Current: Higher limits to allow existing large scripts while encouraging refactoring[0m
Check Architecture Best Practices	UNKNOWN STEP	2026-01-23T18:31:57.6368583Z [36;1mMAX_LINES=5000  # Will be reduced to 800 as refactoring progresses[0m
Check Architecture Best Practices	UNKNOWN STEP	2026-01-23T18:31:57.6369380Z [36;1mWARN_LINES=800  # Warns for scripts that should be considered for refactoring[0m
Check Architecture Best Practices	UNKNOWN STEP	2026-01-23T18:31:57.6369817Z [36;1merrors=0[0m
Check Architecture Best Practices	UNKNOWN STEP	2026-01-23T18:31:57.6370032Z [36;1mwarnings=0[0m
Check Architecture Best Practices	UNKNOWN STEP	2026-01-23T18:31:57.6370258Z [36;1mlarge_scripts=0[0m
Check Architecture Best Practices	UNKNOWN STEP	2026-01-23T18:31:57.6370481Z [36;1m[0m
Check Architecture Best Practices	UNKNOWN STEP	2026-01-23T18:31:57.6370749Z [36;1m# Find all GDScript files (excluding addons and tests)[0m
Check Architecture Best Practices	UNKNOWN STEP	2026-01-23T18:31:57.6371138Z [36;1mwhile IFS= read -r file; do[0m
Check Architecture Best Practices	UNKNOWN STEP	2026-01-23T18:31:57.6371413Z [36;1m  lines=$(wc -l < "$file")[0m
Check Architecture Best Practices	UNKNOWN STEP	2026-01-23T18:31:57.6371716Z [36;1m  if [ "$lines" -gt "$MAX_LINES" ]; then[0m
Check Architecture Best Practices	UNKNOWN STEP	2026-01-23T18:31:57.6372232Z [36;1m    echo "::error file=$file::Script exceeds $MAX_LINES lines ($lines lines). Refactoring required."[0m
Check Architecture Best Practices	UNKNOWN STEP	2026-01-23T18:31:57.6372749Z [36;1m    errors=$((errors + 1))[0m
Check Architecture Best Practices	UNKNOWN STEP	2026-01-23T18:31:57.6373057Z [36;1m  elif [ "$lines" -gt "$WARN_LINES" ]; then[0m
Check Architecture Best Practices	UNKNOWN STEP	2026-01-23T18:31:57.6373803Z [36;1m    echo "::warning file=$file::Script has $lines lines (warning threshold: $WARN_LINES). Consider splitting into components using the patterns in scripts/components/."[0m
Check Architecture Best Practices	UNKNOWN STEP	2026-01-23T18:31:57.6374533Z [36;1m    warnings=$((warnings + 1))[0m
Check Architecture Best Practices	UNKNOWN STEP	2026-01-23T18:31:57.6374795Z [36;1m  fi[0m
Check Architecture Best Practices	UNKNOWN STEP	2026-01-23T18:31:57.6375009Z [36;1m  if [ "$lines" -gt 500 ]; then[0m
Check Architecture Best Practices	UNKNOWN STEP	2026-01-23T18:31:57.6375307Z [36;1m    large_scripts=$((large_scripts + 1))[0m
Check Architecture Best Practices	UNKNOWN STEP	2026-01-23T18:31:57.6375587Z [36;1m  fi[0m
Check Architecture Best Practices	UNKNOWN STEP	2026-01-23T18:31:57.6375863Z [36;1mdone < <(find scripts -name "*.gd" -type f 2>/dev/null)[0m
Check Architecture Best Practices	UNKNOWN STEP	2026-01-23T18:31:57.6376187Z [36;1m[0m
Check Architecture Best Practices	UNKNOWN STEP	2026-01-23T18:31:57.6376412Z [36;1mecho "errors=$errors" >> $GITHUB_OUTPUT[0m
Check Architecture Best Practices	UNKNOWN STEP	2026-01-23T18:31:57.6376747Z [36;1mecho "warnings=$warnings" >> $GITHUB_OUTPUT[0m
Check Architecture Best Practices	UNKNOWN STEP	2026-01-23T18:31:57.6377124Z [36;1mecho "large_scripts=$large_scripts" >> $GITHUB_OUTPUT[0m
Check Architecture Best Practices	UNKNOWN STEP	2026-01-23T18:31:57.6377453Z [36;1m[0m
Check Architecture Best Practices	UNKNOWN STEP	2026-01-23T18:31:57.6377649Z [36;1mif [ "$errors" -gt 0 ]; then[0m
Check Architecture Best Practices	UNKNOWN STEP	2026-01-23T18:31:57.6377982Z [36;1m  echo "Found $errors script(s) exceeding line limit."[0m
Check Architecture Best Practices	UNKNOWN STEP	2026-01-23T18:31:57.6378302Z [36;1m  exit 1[0m
Check Architecture Best Practices	UNKNOWN STEP	2026-01-23T18:31:57.6378504Z [36;1mfi[0m
Check Architecture Best Practices	UNKNOWN STEP	2026-01-23T18:31:57.6378894Z [36;1m[0m
Check Architecture Best Practices	UNKNOWN STEP	2026-01-23T18:31:57.6379309Z [36;1mecho "All scripts within size limits. ($warnings warnings, $large_scripts scripts over 500 lines)"[0m
Check Architecture Best Practices	UNKNOWN STEP	2026-01-23T18:31:57.6379780Z [36;1mecho ""[0m
Check Architecture Best Practices	UNKNOWN STEP	2026-01-23T18:31:57.6380237Z [36;1mecho "Note: Gradual refactoring is encouraged. See scripts/components/ for reusable component patterns."[0m
Check Architecture Best Practices	UNKNOWN STEP	2026-01-23T18:31:57.6416641Z shell: /usr/bin/bash -e {0}
Check Architecture Best Practices	UNKNOWN STEP	2026-01-23T18:31:57.6416954Z ##[endgroup]
Check Architecture Best Practices	UNKNOWN STEP	2026-01-23T18:31:57.6488235Z Checking GDScript file sizes...
Check Architecture Best Practices	UNKNOWN STEP	2026-01-23T18:31:57.6789685Z ##[warning]Script has 2002 lines (warning threshold: 800). Consider splitting into components using the patterns in scripts/components/.
Check Architecture Best Practices	UNKNOWN STEP	2026-01-23T18:31:57.7036085Z ##[warning]Script has 4720 lines (warning threshold: 800). Consider splitting into components using the patterns in scripts/components/.
Check Architecture Best Practices	UNKNOWN STEP	2026-01-23T18:31:57.7194699Z ##[warning]Script has 893 lines (warning threshold: 800). Consider splitting into components using the patterns in scripts/components/.
Check Architecture Best Practices	UNKNOWN STEP	2026-01-23T18:31:57.7320651Z ##[warning]Script has 972 lines (warning threshold: 800). Consider splitting into components using the patterns in scripts/components/.
Check Architecture Best Practices	UNKNOWN STEP	2026-01-23T18:31:57.7497986Z ##[warning]Script has 929 lines (warning threshold: 800). Consider splitting into components using the patterns in scripts/components/.
Check Architecture Best Practices	UNKNOWN STEP	2026-01-23T18:31:57.7534565Z All scripts within size limits. (5 warnings, 8 scripts over 500 lines)
Check Architecture Best Practices	UNKNOWN STEP	2026-01-23T18:31:57.7535175Z 
Check Architecture Best Practices	UNKNOWN STEP	2026-01-23T18:31:57.7535847Z Note: Gradual refactoring is encouraged. See scripts/components/ for reusable component patterns.
Check Architecture Best Practices	UNKNOWN STEP	2026-01-23T18:31:57.7598478Z ##[group]Run echo "Checking component files have class_name..."
Check Architecture Best Practices	UNKNOWN STEP	2026-01-23T18:31:57.7599284Z [36;1mecho "Checking component files have class_name..."[0m
Check Architecture Best Practices	UNKNOWN STEP	2026-01-23T18:31:57.7599630Z [36;1merrors=0[0m
Check Architecture Best Practices	UNKNOWN STEP	2026-01-23T18:31:57.7599843Z [36;1m[0m
Check Architecture Best Practices	UNKNOWN STEP	2026-01-23T18:31:57.7600055Z [36;1m# Check components folder[0m
Check Architecture Best Practices	UNKNOWN STEP	2026-01-23T18:31:57.7600355Z [36;1mif [ -d "scripts/components" ]; then[0m
Check Architecture Best Practices	UNKNOWN STEP	2026-01-23T18:31:57.7600694Z [36;1m  for file in scripts/components/*.gd; do[0m
Check Architecture Best Practices	UNKNOWN STEP	2026-01-23T18:31:57.7601029Z [36;1m    if [ -f "$file" ]; then[0m
Check Architecture Best Practices	UNKNOWN STEP	2026-01-23T18:31:57.7601337Z [36;1m      if ! grep -q "^class_name" "$file"; then[0m
Check Architecture Best Practices	UNKNOWN STEP	2026-01-23T18:31:57.7601784Z [36;1m        echo "::error file=$file::Component script missing class_name declaration"[0m
Check Architecture Best Practices	UNKNOWN STEP	2026-01-23T18:31:57.7602208Z [36;1m        errors=$((errors + 1))[0m
Check Architecture Best Practices	UNKNOWN STEP	2026-01-23T18:31:57.7602477Z [36;1m      fi[0m
Check Architecture Best Practices	UNKNOWN STEP	2026-01-23T18:31:57.7602743Z [36;1m    fi[0m
Check Architecture Best Practices	UNKNOWN STEP	2026-01-23T18:31:57.7602947Z [36;1m  done[0m
Check Architecture Best Practices	UNKNOWN STEP	2026-01-23T18:31:57.7603175Z [36;1mfi[0m
Check Architecture Best Practices	UNKNOWN STEP	2026-01-23T18:31:57.7603367Z [36;1m[0m
Check Architecture Best Practices	UNKNOWN STEP	2026-01-23T18:31:57.7603575Z [36;1m# Check AI states folder[0m
Check Architecture Best Practices	UNKNOWN STEP	2026-01-23T18:31:57.7603858Z [36;1mif [ -d "scripts/ai/states" ]; then[0m
Check Architecture Best Practices	UNKNOWN STEP	2026-01-23T18:31:57.7604176Z [36;1m  for file in scripts/ai/states/*.gd; do[0m
Check Architecture Best Practices	UNKNOWN STEP	2026-01-23T18:31:57.7604483Z [36;1m    if [ -f "$file" ]; then[0m
Check Architecture Best Practices	UNKNOWN STEP	2026-01-23T18:31:57.7604782Z [36;1m      if ! grep -q "^class_name" "$file"; then[0m
Check Architecture Best Practices	UNKNOWN STEP	2026-01-23T18:31:57.7605210Z [36;1m        echo "::error file=$file::AI state script missing class_name declaration"[0m
Check Architecture Best Practices	UNKNOWN STEP	2026-01-23T18:31:57.7605625Z [36;1m        errors=$((errors + 1))[0m
Check Architecture Best Practices	UNKNOWN STEP	2026-01-23T18:31:57.7605890Z [36;1m      fi[0m
Check Architecture Best Practices	UNKNOWN STEP	2026-01-23T18:31:57.7606084Z [36;1m    fi[0m
Check Architecture Best Practices	UNKNOWN STEP	2026-01-23T18:31:57.7606286Z [36;1m  done[0m
Check Architecture Best Practices	UNKNOWN STEP	2026-01-23T18:31:57.7606478Z [36;1mfi[0m
Check Architecture Best Practices	UNKNOWN STEP	2026-01-23T18:31:57.7606671Z [36;1m[0m
Check Architecture Best Practices	UNKNOWN STEP	2026-01-23T18:31:57.7606879Z [36;1mif [ "$errors" -gt 0 ]; then[0m
Check Architecture Best Practices	UNKNOWN STEP	2026-01-23T18:31:57.7607231Z [36;1m  echo "Found $errors files missing class_name declarations."[0m
Check Architecture Best Practices	UNKNOWN STEP	2026-01-23T18:31:57.7607590Z [36;1m  exit 1[0m
Check Architecture Best Practices	UNKNOWN STEP	2026-01-23T18:31:57.7607785Z [36;1mfi[0m
Check Architecture Best Practices	UNKNOWN STEP	2026-01-23T18:31:57.7607978Z [36;1m[0m
Check Architecture Best Practices	UNKNOWN STEP	2026-01-23T18:31:57.7608267Z [36;1mecho "All component/state files have class_name declarations."[0m
Check Architecture Best Practices	UNKNOWN STEP	2026-01-23T18:31:57.7641305Z shell: /usr/bin/bash -e {0}
Check Architecture Best Practices	UNKNOWN STEP	2026-01-23T18:31:57.7641598Z ##[endgroup]
Check Architecture Best Practices	UNKNOWN STEP	2026-01-23T18:31:57.7695352Z Checking component files have class_name...
Check Architecture Best Practices	UNKNOWN STEP	2026-01-23T18:31:57.7809427Z All component/state files have class_name declarations.
Check Architecture Best Practices	UNKNOWN STEP	2026-01-23T18:31:57.7840240Z ##[group]Run echo "Checking project folder structure..."
Check Architecture Best Practices	UNKNOWN STEP	2026-01-23T18:31:57.7840728Z [36;1mecho "Checking project folder structure..."[0m
Check Architecture Best Practices	UNKNOWN STEP	2026-01-23T18:31:57.7841061Z [36;1mrequired_dirs=([0m
Check Architecture Best Practices	UNKNOWN STEP	2026-01-23T18:31:57.7841309Z [36;1m  "scripts/autoload"[0m
Check Architecture Best Practices	UNKNOWN STEP	2026-01-23T18:31:57.7841558Z [36;1m  "scripts/ai"[0m
Check Architecture Best Practices	UNKNOWN STEP	2026-01-23T18:31:57.7841803Z [36;1m  "scripts/characters"[0m
Check Architecture Best Practices	UNKNOWN STEP	2026-01-23T18:31:57.7842063Z [36;1m  "scripts/objects"[0m
Check Architecture Best Practices	UNKNOWN STEP	2026-01-23T18:31:57.7842318Z [36;1m  "scripts/ui"[0m
Check Architecture Best Practices	UNKNOWN STEP	2026-01-23T18:31:57.7842563Z [36;1m  "scenes/characters"[0m
Check Architecture Best Practices	UNKNOWN STEP	2026-01-23T18:31:57.7842813Z [36;1m  "scenes/levels"[0m
Check Architecture Best Practices	UNKNOWN STEP	2026-01-23T18:31:57.7843057Z [36;1m  "scenes/objects"[0m
Check Architecture Best Practices	UNKNOWN STEP	2026-01-23T18:31:57.7843297Z [36;1m  "scenes/ui"[0m
Check Architecture Best Practices	UNKNOWN STEP	2026-01-23T18:31:57.7843519Z [36;1m)[0m
Check Architecture Best Practices	UNKNOWN STEP	2026-01-23T18:31:57.7843705Z [36;1m[0m
Check Architecture Best Practices	UNKNOWN STEP	2026-01-23T18:31:57.7843897Z [36;1merrors=0[0m
Check Architecture Best Practices	UNKNOWN STEP	2026-01-23T18:31:57.7844130Z [36;1mfor dir in "${required_dirs[@]}"; do[0m
Check Architecture Best Practices	UNKNOWN STEP	2026-01-23T18:31:57.7844535Z [36;1m  if [ ! -d "$dir" ]; then[0m
Check Architecture Best Practices	UNKNOWN STEP	2026-01-23T18:31:57.7845042Z [36;1m    echo "::error::Required directory '$dir' not found"[0m
Check Architecture Best Practices	UNKNOWN STEP	2026-01-23T18:31:57.7845394Z [36;1m    errors=$((errors + 1))[0m
Check Architecture Best Practices	UNKNOWN STEP	2026-01-23T18:31:57.7845649Z [36;1m  fi[0m
Check Architecture Best Practices	UNKNOWN STEP	2026-01-23T18:31:57.7845847Z [36;1mdone[0m
Check Architecture Best Practices	UNKNOWN STEP	2026-01-23T18:31:57.7846032Z [36;1m[0m
Check Architecture Best Practices	UNKNOWN STEP	2026-01-23T18:31:57.7846243Z [36;1mif [ "$errors" -gt 0 ]; then[0m
Check Architecture Best Practices	UNKNOWN STEP	2026-01-23T18:31:57.7846578Z [36;1m  echo "Found $errors missing required directories."[0m
Check Architecture Best Practices	UNKNOWN STEP	2026-01-23T18:31:57.7846898Z [36;1m  exit 1[0m
Check Architecture Best Practices	UNKNOWN STEP	2026-01-23T18:31:57.7847100Z [36;1mfi[0m
Check Architecture Best Practices	UNKNOWN STEP	2026-01-23T18:31:57.7847286Z [36;1m[0m
Check Architecture Best Practices	UNKNOWN STEP	2026-01-23T18:31:57.7847532Z [36;1mecho "All required directories present."[0m
Check Architecture Best Practices	UNKNOWN STEP	2026-01-23T18:31:57.7880413Z shell: /usr/bin/bash -e {0}
Check Architecture Best Practices	UNKNOWN STEP	2026-01-23T18:31:57.7880689Z ##[endgroup]
Check Architecture Best Practices	UNKNOWN STEP	2026-01-23T18:31:57.7929863Z Checking project folder structure...
Check Architecture Best Practices	UNKNOWN STEP	2026-01-23T18:31:57.7931505Z All required directories present.
Check Architecture Best Practices	UNKNOWN STEP	2026-01-23T18:31:57.7959680Z ##[group]Run echo "Checking snake_case naming convention for GDScript files..."
Check Architecture Best Practices	UNKNOWN STEP	2026-01-23T18:31:57.7960298Z [36;1mecho "Checking snake_case naming convention for GDScript files..."[0m
Check Architecture Best Practices	UNKNOWN STEP	2026-01-23T18:31:57.7960693Z [36;1merrors=0[0m
Check Architecture Best Practices	UNKNOWN STEP	2026-01-23T18:31:57.7960901Z [36;1m[0m
Check Architecture Best Practices	UNKNOWN STEP	2026-01-23T18:31:57.7961203Z [36;1m# Check GDScript files use snake_case (lowercase with underscores)[0m
Check Architecture Best Practices	UNKNOWN STEP	2026-01-23T18:31:57.7961602Z [36;1mwhile IFS= read -r file; do[0m
Check Architecture Best Practices	UNKNOWN STEP	2026-01-23T18:31:57.7961895Z [36;1m  basename=$(basename "$file" .gd)[0m
Check Architecture Best Practices	UNKNOWN STEP	2026-01-23T18:31:57.7962228Z [36;1m  # Check if filename contains uppercase letters[0m
Check Architecture Best Practices	UNKNOWN STEP	2026-01-23T18:31:57.7962571Z [36;1m  if [[ "$basename" =~ [A-Z] ]]; then[0m
Check Architecture Best Practices	UNKNOWN STEP	2026-01-23T18:31:57.7963046Z [36;1m    echo "::error file=$file::GDScript filename should be snake_case (lowercase with underscores)"[0m
Check Architecture Best Practices	UNKNOWN STEP	2026-01-23T18:31:57.7963528Z [36;1m    errors=$((errors + 1))[0m
Check Architecture Best Practices	UNKNOWN STEP	2026-01-23T18:31:57.7963780Z [36;1m  fi[0m
Check Architecture Best Practices	UNKNOWN STEP	2026-01-23T18:31:57.7964092Z [36;1mdone < <(find scripts -name "*.gd" -type f 2>/dev/null)[0m
Check Architecture Best Practices	UNKNOWN STEP	2026-01-23T18:31:57.7964419Z [36;1m[0m
Check Architecture Best Practices	UNKNOWN STEP	2026-01-23T18:31:57.7964633Z [36;1mif [ "$errors" -gt 0 ]; then[0m
Check Architecture Best Practices	UNKNOWN STEP	2026-01-23T18:31:57.7964956Z [36;1m  echo "Found $errors files with incorrect naming."[0m
Check Architecture Best Practices	UNKNOWN STEP	2026-01-23T18:31:57.7965280Z [36;1m  exit 1[0m
Check Architecture Best Practices	UNKNOWN STEP	2026-01-23T18:31:57.7965485Z [36;1mfi[0m
Check Architecture Best Practices	UNKNOWN STEP	2026-01-23T18:31:57.7965671Z [36;1m[0m
Check Architecture Best Practices	UNKNOWN STEP	2026-01-23T18:31:57.7965927Z [36;1mecho "All GDScript files use snake_case naming."[0m
Check Architecture Best Practices	UNKNOWN STEP	2026-01-23T18:31:57.7996099Z shell: /usr/bin/bash -e {0}
Check Architecture Best Practices	UNKNOWN STEP	2026-01-23T18:31:57.7996386Z ##[endgroup]
Check Architecture Best Practices	UNKNOWN STEP	2026-01-23T18:31:57.8047504Z Checking snake_case naming convention for GDScript files...
Check Architecture Best Practices	UNKNOWN STEP	2026-01-23T18:31:57.8658838Z All GDScript files use snake_case naming.
Check Architecture Best Practices	UNKNOWN STEP	2026-01-23T18:31:57.8753715Z ##[group]Run echo "Checking for potential tight coupling with autoloads..."
Check Architecture Best Practices	UNKNOWN STEP	2026-01-23T18:31:57.8754332Z [36;1mecho "Checking for potential tight coupling with autoloads..."[0m
Check Architecture Best Practices	UNKNOWN STEP	2026-01-23T18:31:57.8754723Z [36;1mwarnings=0[0m
Check Architecture Best Practices	UNKNOWN STEP	2026-01-23T18:31:57.8754935Z [36;1m[0m
Check Architecture Best Practices	UNKNOWN STEP	2026-01-23T18:31:57.8755246Z [36;1m# Look for potential issues (direct global access without null check)[0m
Check Architecture Best Practices	UNKNOWN STEP	2026-01-23T18:31:57.8755676Z [36;1mwhile IFS= read -r file; do[0m
Check Architecture Best Practices	UNKNOWN STEP	2026-01-23T18:31:57.8756034Z [36;1m  # Check for patterns that might indicate tight coupling[0m
Check Architecture Best Practices	UNKNOWN STEP	2026-01-23T18:31:57.8756414Z [36;1m  # This is a soft warning, not an error[0m
Check Architecture Best Practices	UNKNOWN STEP	2026-01-23T18:31:57.8756860Z [36;1m  if grep -qE "^[^#]*\b(GameManager|AudioManager|InputSettings)\.[a-z]" "$file"; then[0m
Check Architecture Best Practices	UNKNOWN STEP	2026-01-23T18:31:57.8757362Z [36;1m    # Check if the same file has null checks[0m
Check Architecture Best Practices	UNKNOWN STEP	2026-01-23T18:31:57.8757839Z [36;1m    if ! grep -qE "get_node_or_null.*/(GameManager|AudioManager|InputSettings)" "$file"; then[0m
Check Architecture Best Practices	UNKNOWN STEP	2026-01-23T18:31:57.8758805Z [36;1m      echo "::warning file=$file::Consider using get_node_or_null for autoload access to improve robustness"[0m
Check Architecture Best Practices	UNKNOWN STEP	2026-01-23T18:31:57.8759485Z [36;1m      warnings=$((warnings + 1))[0m
Check Architecture Best Practices	UNKNOWN STEP	2026-01-23T18:31:57.8759763Z [36;1m    fi[0m
Check Architecture Best Practices	UNKNOWN STEP	2026-01-23T18:31:57.8759959Z [36;1m  fi[0m
Check Architecture Best Practices	UNKNOWN STEP	2026-01-23T18:31:57.8760242Z [36;1mdone < <(find scripts -name "*.gd" -type f 2>/dev/null)[0m
Check Architecture Best Practices	UNKNOWN STEP	2026-01-23T18:31:57.8760760Z [36;1m[0m
Check Architecture Best Practices	UNKNOWN STEP	2026-01-23T18:31:57.8761070Z [36;1mecho "Found $warnings potential coupling warnings (non-blocking)."[0m
Check Architecture Best Practices	UNKNOWN STEP	2026-01-23T18:31:57.8794934Z shell: /usr/bin/bash -e {0}
Check Architecture Best Practices	UNKNOWN STEP	2026-01-23T18:31:57.8795219Z ##[endgroup]
Check Architecture Best Practices	UNKNOWN STEP	2026-01-23T18:31:57.8850127Z Checking for potential tight coupling with autoloads...
Check Architecture Best Practices	UNKNOWN STEP	2026-01-23T18:31:57.9262690Z ##[warning]Consider using get_node_or_null for autoload access to improve robustness
Check Architecture Best Practices	UNKNOWN STEP	2026-01-23T18:31:57.9621939Z ##[warning]Consider using get_node_or_null for autoload access to improve robustness
Check Architecture Best Practices	UNKNOWN STEP	2026-01-23T18:31:57.9650190Z ##[warning]Consider using get_node_or_null for autoload access to improve robustness
Check Architecture Best Practices	UNKNOWN STEP	2026-01-23T18:31:57.9680114Z ##[warning]Consider using get_node_or_null for autoload access to improve robustness
Check Architecture Best Practices	UNKNOWN STEP	2026-01-23T18:31:57.9681571Z Found 4 potential coupling warnings (non-blocking).
Check Architecture Best Practices	UNKNOWN STEP	2026-01-23T18:31:57.9712062Z ##[group]Run echo "=== Architecture Check Complete ==="
Check Architecture Best Practices	UNKNOWN STEP	2026-01-23T18:31:57.9712511Z [36;1mecho "=== Architecture Check Complete ==="[0m
Check Architecture Best Practices	UNKNOWN STEP	2026-01-23T18:31:57.9712838Z [36;1mecho ""[0m
Check Architecture Best Practices	UNKNOWN STEP	2026-01-23T18:31:57.9713071Z [36;1mecho "Checks performed:"[0m
Check Architecture Best Practices	UNKNOWN STEP	2026-01-23T18:31:57.9713423Z [36;1mecho "  âœ“ Script line counts (max 800, warn at 500)"[0m
Check Architecture Best Practices	UNKNOWN STEP	2026-01-23T18:31:57.9713836Z [36;1mecho "  âœ“ class_name declarations for components"[0m
Check Architecture Best Practices	UNKNOWN STEP	2026-01-23T18:31:57.9714199Z [36;1mecho "  âœ“ Required folder structure"[0m
Check Architecture Best Practices	UNKNOWN STEP	2026-01-23T18:31:57.9714531Z [36;1mecho "  âœ“ snake_case naming convention"[0m
Check Architecture Best Practices	UNKNOWN STEP	2026-01-23T18:31:57.9714871Z [36;1mecho "  âœ“ Autoload coupling patterns"[0m
Check Architecture Best Practices	UNKNOWN STEP	2026-01-23T18:31:57.9715159Z [36;1mecho ""[0m
Check Architecture Best Practices	UNKNOWN STEP	2026-01-23T18:31:57.9715401Z [36;1mecho "All critical checks passed!"[0m
Check Architecture Best Practices	UNKNOWN STEP	2026-01-23T18:31:57.9749345Z shell: /usr/bin/bash -e {0}
Check Architecture Best Practices	UNKNOWN STEP	2026-01-23T18:31:57.9749631Z ##[endgroup]
Check Architecture Best Practices	UNKNOWN STEP	2026-01-23T18:31:57.9802523Z === Architecture Check Complete ===
Check Architecture Best Practices	UNKNOWN STEP	2026-01-23T18:31:57.9803078Z 
Check Architecture Best Practices	UNKNOWN STEP	2026-01-23T18:31:57.9803556Z Checks performed:
Check Architecture Best Practices	UNKNOWN STEP	2026-01-23T18:31:57.9804257Z   âœ“ Script line counts (max 800, warn at 500)
Check Architecture Best Practices	UNKNOWN STEP	2026-01-23T18:31:57.9805046Z   âœ“ class_name declarations for components
Check Architecture Best Practices	UNKNOWN STEP	2026-01-23T18:31:57.9805665Z   âœ“ Required folder structure
Check Architecture Best Practices	UNKNOWN STEP	2026-01-23T18:31:57.9806192Z   âœ“ snake_case naming convention
Check Architecture Best Practices	UNKNOWN STEP	2026-01-23T18:31:57.9806696Z   âœ“ Autoload coupling patterns
Check Architecture Best Practices	UNKNOWN STEP	2026-01-23T18:31:57.9806989Z 
Check Architecture Best Practices	UNKNOWN STEP	2026-01-23T18:31:57.9807159Z All critical checks passed!
Check Architecture Best Practices	UNKNOWN STEP	2026-01-23T18:31:57.9939472Z Post job cleanup.
Check Architecture Best Practices	UNKNOWN STEP	2026-01-23T18:31:58.0924285Z [command]/usr/bin/git version
Check Architecture Best Practices	UNKNOWN STEP	2026-01-23T18:31:58.0961088Z git version 2.52.0
Check Architecture Best Practices	UNKNOWN STEP	2026-01-23T18:31:58.1004203Z Temporarily overriding HOME='/home/runner/work/_temp/f5c07211-b929-4cfd-a885-56aa2149bed9' before making global git config changes
Check Architecture Best Practices	UNKNOWN STEP	2026-01-23T18:31:58.1005166Z Adding repository directory to the temporary git global config as a safe directory
Check Architecture Best Practices	UNKNOWN STEP	2026-01-23T18:31:58.1010007Z [command]/usr/bin/git config --global --add safe.directory /home/runner/work/Jhon-Crow-godot-topdown-MVP/Jhon-Crow-godot-topdown-MVP
Check Architecture Best Practices	UNKNOWN STEP	2026-01-23T18:31:58.1045240Z [command]/usr/bin/git config --local --name-only --get-regexp core\.sshCommand
Check Architecture Best Practices	UNKNOWN STEP	2026-01-23T18:31:58.1078414Z [command]/usr/bin/git submodule foreach --recursive sh -c "git config --local --name-only --get-regexp 'core\.sshCommand' && git config --local --unset-all 'core.sshCommand' || :"
Check Architecture Best Practices	UNKNOWN STEP	2026-01-23T18:31:58.1331959Z [command]/usr/bin/git config --local --name-only --get-regexp http\.https\:\/\/github\.com\/\.extraheader
Check Architecture Best Practices	UNKNOWN STEP	2026-01-23T18:31:58.1356741Z http.https://github.com/.extraheader
Check Architecture Best Practices	UNKNOWN STEP	2026-01-23T18:31:58.1370690Z [command]/usr/bin/git config --local --unset-all http.https://github.com/.extraheader
Check Architecture Best Practices	UNKNOWN STEP	2026-01-23T18:31:58.1404594Z [command]/usr/bin/git submodule foreach --recursive sh -c "git config --local --name-only --get-regexp 'http\.https\:\/\/github\.com\/\.extraheader' && git config --local --unset-all 'http.https://github.com/.extraheader' || :"
Check Architecture Best Practices	UNKNOWN STEP	2026-01-23T18:31:58.1648321Z [command]/usr/bin/git config --local --name-only --get-regexp ^includeIf\.gitdir:
Check Architecture Best Practices	UNKNOWN STEP	2026-01-23T18:31:58.1681727Z [command]/usr/bin/git submodule foreach --recursive git config --local --show-origin --name-only --get-regexp remote.origin.url
Check Architecture Best Practices	UNKNOWN STEP	2026-01-23T18:31:58.2008864Z Cleaning up orphan processes
