Check Architecture Best Practices	UNKNOWN STEP	ï»¿2026-01-23T18:19:11.1091699Z Current runner version: '2.331.0'
Check Architecture Best Practices	UNKNOWN STEP	2026-01-23T18:19:11.1115924Z ##[group]Runner Image Provisioner
Check Architecture Best Practices	UNKNOWN STEP	2026-01-23T18:19:11.1116695Z Hosted Compute Agent
Check Architecture Best Practices	UNKNOWN STEP	2026-01-23T18:19:11.1117206Z Version: 20260115.477
Check Architecture Best Practices	UNKNOWN STEP	2026-01-23T18:19:11.1118076Z Commit: 4b342d620503cbe250a3154040964899ea7c9b00
Check Architecture Best Practices	UNKNOWN STEP	2026-01-23T18:19:11.1118745Z Build Date: 2026-01-15T22:32:41Z
Check Architecture Best Practices	UNKNOWN STEP	2026-01-23T18:19:11.1119384Z Worker ID: {94af220c-67b7-477b-95e5-4410260fb1ce}
Check Architecture Best Practices	UNKNOWN STEP	2026-01-23T18:19:11.1120191Z Azure Region: northcentralus
Check Architecture Best Practices	UNKNOWN STEP	2026-01-23T18:19:11.1120791Z ##[endgroup]
Check Architecture Best Practices	UNKNOWN STEP	2026-01-23T18:19:11.1122460Z ##[group]Operating System
Check Architecture Best Practices	UNKNOWN STEP	2026-01-23T18:19:11.1123098Z Ubuntu
Check Architecture Best Practices	UNKNOWN STEP	2026-01-23T18:19:11.1123575Z 24.04.3
Check Architecture Best Practices	UNKNOWN STEP	2026-01-23T18:19:11.1123987Z LTS
Check Architecture Best Practices	UNKNOWN STEP	2026-01-23T18:19:11.1124508Z ##[endgroup]
Check Architecture Best Practices	UNKNOWN STEP	2026-01-23T18:19:11.1124979Z ##[group]Runner Image
Check Architecture Best Practices	UNKNOWN STEP	2026-01-23T18:19:11.1125509Z Image: ubuntu-24.04
Check Architecture Best Practices	UNKNOWN STEP	2026-01-23T18:19:11.1125955Z Version: 20260119.4.1
Check Architecture Best Practices	UNKNOWN STEP	2026-01-23T18:19:11.1127175Z Included Software: https://github.com/actions/runner-images/blob/ubuntu24/20260119.4/images/ubuntu/Ubuntu2404-Readme.md
Check Architecture Best Practices	UNKNOWN STEP	2026-01-23T18:19:11.1128632Z Image Release: https://github.com/actions/runner-images/releases/tag/ubuntu24%2F20260119.4
Check Architecture Best Practices	UNKNOWN STEP	2026-01-23T18:19:11.1129530Z ##[endgroup]
Check Architecture Best Practices	UNKNOWN STEP	2026-01-23T18:19:11.1132064Z ##[group]GITHUB_TOKEN Permissions
Check Architecture Best Practices	UNKNOWN STEP	2026-01-23T18:19:11.1134801Z Actions: write
Check Architecture Best Practices	UNKNOWN STEP	2026-01-23T18:19:11.1135322Z ArtifactMetadata: write
Check Architecture Best Practices	UNKNOWN STEP	2026-01-23T18:19:11.1135870Z Attestations: write
Check Architecture Best Practices	UNKNOWN STEP	2026-01-23T18:19:11.1136436Z Checks: write
Check Architecture Best Practices	UNKNOWN STEP	2026-01-23T18:19:11.1136920Z Contents: write
Check Architecture Best Practices	UNKNOWN STEP	2026-01-23T18:19:11.1137405Z Deployments: write
Check Architecture Best Practices	UNKNOWN STEP	2026-01-23T18:19:11.1137974Z Discussions: write
Check Architecture Best Practices	UNKNOWN STEP	2026-01-23T18:19:11.1138481Z Issues: write
Check Architecture Best Practices	UNKNOWN STEP	2026-01-23T18:19:11.1138934Z Metadata: read
Check Architecture Best Practices	UNKNOWN STEP	2026-01-23T18:19:11.1139460Z Models: read
Check Architecture Best Practices	UNKNOWN STEP	2026-01-23T18:19:11.1139910Z Packages: write
Check Architecture Best Practices	UNKNOWN STEP	2026-01-23T18:19:11.1140403Z Pages: write
Check Architecture Best Practices	UNKNOWN STEP	2026-01-23T18:19:11.1141057Z PullRequests: write
Check Architecture Best Practices	UNKNOWN STEP	2026-01-23T18:19:11.1141553Z RepositoryProjects: write
Check Architecture Best Practices	UNKNOWN STEP	2026-01-23T18:19:11.1142129Z SecurityEvents: write
Check Architecture Best Practices	UNKNOWN STEP	2026-01-23T18:19:11.1142993Z Statuses: write
Check Architecture Best Practices	UNKNOWN STEP	2026-01-23T18:19:11.1143528Z ##[endgroup]
Check Architecture Best Practices	UNKNOWN STEP	2026-01-23T18:19:11.1145475Z Secret source: Actions
Check Architecture Best Practices	UNKNOWN STEP	2026-01-23T18:19:11.1146642Z Prepare workflow directory
Check Architecture Best Practices	UNKNOWN STEP	2026-01-23T18:19:11.1470751Z Prepare all required actions
Check Architecture Best Practices	UNKNOWN STEP	2026-01-23T18:19:11.1509673Z Getting action download info
Check Architecture Best Practices	UNKNOWN STEP	2026-01-23T18:19:11.4635878Z Download action repository 'actions/checkout@v4' (SHA:34e114876b0b11c390a56381ad16ebd13914f8d5)
Check Architecture Best Practices	UNKNOWN STEP	2026-01-23T18:19:11.6336041Z Complete job name: Check Architecture Best Practices
Check Architecture Best Practices	UNKNOWN STEP	2026-01-23T18:19:11.7106484Z ##[group]Run actions/checkout@v4
Check Architecture Best Practices	UNKNOWN STEP	2026-01-23T18:19:11.7107293Z with:
Check Architecture Best Practices	UNKNOWN STEP	2026-01-23T18:19:11.7107756Z   repository: konard/Jhon-Crow-godot-topdown-MVP
Check Architecture Best Practices	UNKNOWN STEP	2026-01-23T18:19:11.7108459Z   token: ***
Check Architecture Best Practices	UNKNOWN STEP	2026-01-23T18:19:11.7108829Z   ssh-strict: true
Check Architecture Best Practices	UNKNOWN STEP	2026-01-23T18:19:11.7109219Z   ssh-user: git
Check Architecture Best Practices	UNKNOWN STEP	2026-01-23T18:19:11.7109616Z   persist-credentials: true
Check Architecture Best Practices	UNKNOWN STEP	2026-01-23T18:19:11.7110041Z   clean: true
Check Architecture Best Practices	UNKNOWN STEP	2026-01-23T18:19:11.7110434Z   sparse-checkout-cone-mode: true
Check Architecture Best Practices	UNKNOWN STEP	2026-01-23T18:19:11.7110905Z   fetch-depth: 1
Check Architecture Best Practices	UNKNOWN STEP	2026-01-23T18:19:11.7111284Z   fetch-tags: false
Check Architecture Best Practices	UNKNOWN STEP	2026-01-23T18:19:11.7111672Z   show-progress: true
Check Architecture Best Practices	UNKNOWN STEP	2026-01-23T18:19:11.7112076Z   lfs: false
Check Architecture Best Practices	UNKNOWN STEP	2026-01-23T18:19:11.7112608Z   submodules: false
Check Architecture Best Practices	UNKNOWN STEP	2026-01-23T18:19:11.7112994Z   set-safe-directory: true
Check Architecture Best Practices	UNKNOWN STEP	2026-01-23T18:19:11.7113670Z ##[endgroup]
Check Architecture Best Practices	UNKNOWN STEP	2026-01-23T18:19:11.8205622Z Syncing repository: konard/Jhon-Crow-godot-topdown-MVP
Check Architecture Best Practices	UNKNOWN STEP	2026-01-23T18:19:11.8208423Z ##[group]Getting Git version info
Check Architecture Best Practices	UNKNOWN STEP	2026-01-23T18:19:11.8210071Z Working directory is '/home/runner/work/Jhon-Crow-godot-topdown-MVP/Jhon-Crow-godot-topdown-MVP'
Check Architecture Best Practices	UNKNOWN STEP	2026-01-23T18:19:11.8212133Z [command]/usr/bin/git version
Check Architecture Best Practices	UNKNOWN STEP	2026-01-23T18:19:11.8270390Z git version 2.52.0
Check Architecture Best Practices	UNKNOWN STEP	2026-01-23T18:19:11.8296578Z ##[endgroup]
Check Architecture Best Practices	UNKNOWN STEP	2026-01-23T18:19:11.8309802Z Temporarily overriding HOME='/home/runner/work/_temp/241f8ce7-9d5d-43c8-8089-6744784f9e82' before making global git config changes
Check Architecture Best Practices	UNKNOWN STEP	2026-01-23T18:19:11.8311282Z Adding repository directory to the temporary git global config as a safe directory
Check Architecture Best Practices	UNKNOWN STEP	2026-01-23T18:19:11.8321953Z [command]/usr/bin/git config --global --add safe.directory /home/runner/work/Jhon-Crow-godot-topdown-MVP/Jhon-Crow-godot-topdown-MVP
Check Architecture Best Practices	UNKNOWN STEP	2026-01-23T18:19:11.8359946Z Deleting the contents of '/home/runner/work/Jhon-Crow-godot-topdown-MVP/Jhon-Crow-godot-topdown-MVP'
Check Architecture Best Practices	UNKNOWN STEP	2026-01-23T18:19:11.8363132Z ##[group]Initializing the repository
Check Architecture Best Practices	UNKNOWN STEP	2026-01-23T18:19:11.8368217Z [command]/usr/bin/git init /home/runner/work/Jhon-Crow-godot-topdown-MVP/Jhon-Crow-godot-topdown-MVP
Check Architecture Best Practices	UNKNOWN STEP	2026-01-23T18:19:11.8459351Z hint: Using 'master' as the name for the initial branch. This default branch name
Check Architecture Best Practices	UNKNOWN STEP	2026-01-23T18:19:11.8460667Z hint: will change to "main" in Git 3.0. To configure the initial branch name
Check Architecture Best Practices	UNKNOWN STEP	2026-01-23T18:19:11.8461731Z hint: to use in all of your new repositories, which will suppress this warning,
Check Architecture Best Practices	UNKNOWN STEP	2026-01-23T18:19:11.8463116Z hint: call:
Check Architecture Best Practices	UNKNOWN STEP	2026-01-23T18:19:11.8463496Z hint:
Check Architecture Best Practices	UNKNOWN STEP	2026-01-23T18:19:11.8464021Z hint: 	git config --global init.defaultBranch <name>
Check Architecture Best Practices	UNKNOWN STEP	2026-01-23T18:19:11.8465043Z hint:
Check Architecture Best Practices	UNKNOWN STEP	2026-01-23T18:19:11.8466049Z hint: Names commonly chosen instead of 'master' are 'main', 'trunk' and
Check Architecture Best Practices	UNKNOWN STEP	2026-01-23T18:19:11.8467705Z hint: 'development'. The just-created branch can be renamed via this command:
Check Architecture Best Practices	UNKNOWN STEP	2026-01-23T18:19:11.8469054Z hint:
Check Architecture Best Practices	UNKNOWN STEP	2026-01-23T18:19:11.8469768Z hint: 	git branch -m <name>
Check Architecture Best Practices	UNKNOWN STEP	2026-01-23T18:19:11.8470523Z hint:
Check Architecture Best Practices	UNKNOWN STEP	2026-01-23T18:19:11.8471499Z hint: Disable this message with "git config set advice.defaultBranchName false"
Check Architecture Best Practices	UNKNOWN STEP	2026-01-23T18:19:11.8473990Z Initialized empty Git repository in /home/runner/work/Jhon-Crow-godot-topdown-MVP/Jhon-Crow-godot-topdown-MVP/.git/
Check Architecture Best Practices	UNKNOWN STEP	2026-01-23T18:19:11.8477431Z [command]/usr/bin/git remote add origin https://github.com/konard/Jhon-Crow-godot-topdown-MVP
Check Architecture Best Practices	UNKNOWN STEP	2026-01-23T18:19:11.8509176Z ##[endgroup]
Check Architecture Best Practices	UNKNOWN STEP	2026-01-23T18:19:11.8510338Z ##[group]Disabling automatic garbage collection
Check Architecture Best Practices	UNKNOWN STEP	2026-01-23T18:19:11.8514359Z [command]/usr/bin/git config --local gc.auto 0
Check Architecture Best Practices	UNKNOWN STEP	2026-01-23T18:19:11.8542189Z ##[endgroup]
Check Architecture Best Practices	UNKNOWN STEP	2026-01-23T18:19:11.8543579Z ##[group]Setting up auth
Check Architecture Best Practices	UNKNOWN STEP	2026-01-23T18:19:11.8549736Z [command]/usr/bin/git config --local --name-only --get-regexp core\.sshCommand
Check Architecture Best Practices	UNKNOWN STEP	2026-01-23T18:19:11.8579856Z [command]/usr/bin/git submodule foreach --recursive sh -c "git config --local --name-only --get-regexp 'core\.sshCommand' && git config --local --unset-all 'core.sshCommand' || :"
Check Architecture Best Practices	UNKNOWN STEP	2026-01-23T18:19:11.8900932Z [command]/usr/bin/git config --local --name-only --get-regexp http\.https\:\/\/github\.com\/\.extraheader
Check Architecture Best Practices	UNKNOWN STEP	2026-01-23T18:19:11.8931259Z [command]/usr/bin/git submodule foreach --recursive sh -c "git config --local --name-only --get-regexp 'http\.https\:\/\/github\.com\/\.extraheader' && git config --local --unset-all 'http.https://github.com/.extraheader' || :"
Check Architecture Best Practices	UNKNOWN STEP	2026-01-23T18:19:11.9147732Z [command]/usr/bin/git config --local --name-only --get-regexp ^includeIf\.gitdir:
Check Architecture Best Practices	UNKNOWN STEP	2026-01-23T18:19:11.9178071Z [command]/usr/bin/git submodule foreach --recursive git config --local --show-origin --name-only --get-regexp remote.origin.url
Check Architecture Best Practices	UNKNOWN STEP	2026-01-23T18:19:11.9405820Z [command]/usr/bin/git config --local http.https://github.com/.extraheader AUTHORIZATION: basic ***
Check Architecture Best Practices	UNKNOWN STEP	2026-01-23T18:19:11.9437663Z ##[endgroup]
Check Architecture Best Practices	UNKNOWN STEP	2026-01-23T18:19:11.9445753Z ##[group]Fetching the repository
Check Architecture Best Practices	UNKNOWN STEP	2026-01-23T18:19:11.9447412Z [command]/usr/bin/git -c protocol.version=2 fetch --no-tags --prune --no-recurse-submodules --depth=1 origin +efd4a433ffa2a67368376be87b2fa3afb542e6ed:refs/remotes/origin/issue-262-60adeb8182ff
Check Architecture Best Practices	UNKNOWN STEP	2026-01-23T18:19:13.2453238Z From https://github.com/konard/Jhon-Crow-godot-topdown-MVP
Check Architecture Best Practices	UNKNOWN STEP	2026-01-23T18:19:13.2457712Z  * [new ref]         efd4a433ffa2a67368376be87b2fa3afb542e6ed -> origin/issue-262-60adeb8182ff
Check Architecture Best Practices	UNKNOWN STEP	2026-01-23T18:19:13.2483889Z ##[endgroup]
Check Architecture Best Practices	UNKNOWN STEP	2026-01-23T18:19:13.2485072Z ##[group]Determining the checkout info
Check Architecture Best Practices	UNKNOWN STEP	2026-01-23T18:19:13.2486432Z ##[endgroup]
Check Architecture Best Practices	UNKNOWN STEP	2026-01-23T18:19:13.2492144Z [command]/usr/bin/git sparse-checkout disable
Check Architecture Best Practices	UNKNOWN STEP	2026-01-23T18:19:13.2532171Z [command]/usr/bin/git config --local --unset-all extensions.worktreeConfig
Check Architecture Best Practices	UNKNOWN STEP	2026-01-23T18:19:13.2559106Z ##[group]Checking out the ref
Check Architecture Best Practices	UNKNOWN STEP	2026-01-23T18:19:13.2563710Z [command]/usr/bin/git checkout --progress --force -B issue-262-60adeb8182ff refs/remotes/origin/issue-262-60adeb8182ff
Check Architecture Best Practices	UNKNOWN STEP	2026-01-23T18:19:13.4784417Z Switched to a new branch 'issue-262-60adeb8182ff'
Check Architecture Best Practices	UNKNOWN STEP	2026-01-23T18:19:13.4785856Z branch 'issue-262-60adeb8182ff' set up to track 'origin/issue-262-60adeb8182ff'.
Check Architecture Best Practices	UNKNOWN STEP	2026-01-23T18:19:13.4811003Z ##[endgroup]
Check Architecture Best Practices	UNKNOWN STEP	2026-01-23T18:19:13.4849746Z [command]/usr/bin/git log -1 --format=%H
Check Architecture Best Practices	UNKNOWN STEP	2026-01-23T18:19:13.4871255Z efd4a433ffa2a67368376be87b2fa3afb542e6ed
Check Architecture Best Practices	UNKNOWN STEP	2026-01-23T18:19:13.5061499Z ##[group]Run echo "Checking GDScript file sizes..."
Check Architecture Best Practices	UNKNOWN STEP	2026-01-23T18:19:13.5062014Z [36;1mecho "Checking GDScript file sizes..."[0m
Check Architecture Best Practices	UNKNOWN STEP	2026-01-23T18:19:13.5062740Z [36;1m# Current limits - these will be reduced as refactoring progresses[0m
Check Architecture Best Practices	UNKNOWN STEP	2026-01-23T18:19:13.5063179Z [36;1m# Target: MAX_LINES=800, WARN_LINES=500[0m
Check Architecture Best Practices	UNKNOWN STEP	2026-01-23T18:19:13.5063660Z [36;1m# Current: Higher limits to allow existing large scripts while encouraging refactoring[0m
Check Architecture Best Practices	UNKNOWN STEP	2026-01-23T18:19:13.5064220Z [36;1mMAX_LINES=5000  # Will be reduced to 800 as refactoring progresses[0m
Check Architecture Best Practices	UNKNOWN STEP	2026-01-23T18:19:13.5064750Z [36;1mWARN_LINES=800  # Warns for scripts that should be considered for refactoring[0m
Check Architecture Best Practices	UNKNOWN STEP	2026-01-23T18:19:13.5065188Z [36;1merrors=0[0m
Check Architecture Best Practices	UNKNOWN STEP	2026-01-23T18:19:13.5065408Z [36;1mwarnings=0[0m
Check Architecture Best Practices	UNKNOWN STEP	2026-01-23T18:19:13.5065642Z [36;1mlarge_scripts=0[0m
Check Architecture Best Practices	UNKNOWN STEP	2026-01-23T18:19:13.5065871Z [36;1m[0m
Check Architecture Best Practices	UNKNOWN STEP	2026-01-23T18:19:13.5066144Z [36;1m# Find all GDScript files (excluding addons and tests)[0m
Check Architecture Best Practices	UNKNOWN STEP	2026-01-23T18:19:13.5066539Z [36;1mwhile IFS= read -r file; do[0m
Check Architecture Best Practices	UNKNOWN STEP	2026-01-23T18:19:13.5066815Z [36;1m  lines=$(wc -l < "$file")[0m
Check Architecture Best Practices	UNKNOWN STEP	2026-01-23T18:19:13.5067115Z [36;1m  if [ "$lines" -gt "$MAX_LINES" ]; then[0m
Check Architecture Best Practices	UNKNOWN STEP	2026-01-23T18:19:13.5067638Z [36;1m    echo "::error file=$file::Script exceeds $MAX_LINES lines ($lines lines). Refactoring required."[0m
Check Architecture Best Practices	UNKNOWN STEP	2026-01-23T18:19:13.5068150Z [36;1m    errors=$((errors + 1))[0m
Check Architecture Best Practices	UNKNOWN STEP	2026-01-23T18:19:13.5068455Z [36;1m  elif [ "$lines" -gt "$WARN_LINES" ]; then[0m
Check Architecture Best Practices	UNKNOWN STEP	2026-01-23T18:19:13.5069206Z [36;1m    echo "::warning file=$file::Script has $lines lines (warning threshold: $WARN_LINES). Consider splitting into components using the patterns in scripts/components/."[0m
Check Architecture Best Practices	UNKNOWN STEP	2026-01-23T18:19:13.5069942Z [36;1m    warnings=$((warnings + 1))[0m
Check Architecture Best Practices	UNKNOWN STEP	2026-01-23T18:19:13.5070209Z [36;1m  fi[0m
Check Architecture Best Practices	UNKNOWN STEP	2026-01-23T18:19:13.5070427Z [36;1m  if [ "$lines" -gt 500 ]; then[0m
Check Architecture Best Practices	UNKNOWN STEP	2026-01-23T18:19:13.5070733Z [36;1m    large_scripts=$((large_scripts + 1))[0m
Check Architecture Best Practices	UNKNOWN STEP	2026-01-23T18:19:13.5071021Z [36;1m  fi[0m
Check Architecture Best Practices	UNKNOWN STEP	2026-01-23T18:19:13.5071304Z [36;1mdone < <(find scripts -name "*.gd" -type f 2>/dev/null)[0m
Check Architecture Best Practices	UNKNOWN STEP	2026-01-23T18:19:13.5071634Z [36;1m[0m
Check Architecture Best Practices	UNKNOWN STEP	2026-01-23T18:19:13.5071861Z [36;1mecho "errors=$errors" >> $GITHUB_OUTPUT[0m
Check Architecture Best Practices	UNKNOWN STEP	2026-01-23T18:19:13.5072204Z [36;1mecho "warnings=$warnings" >> $GITHUB_OUTPUT[0m
Check Architecture Best Practices	UNKNOWN STEP	2026-01-23T18:19:13.5072808Z [36;1mecho "large_scripts=$large_scripts" >> $GITHUB_OUTPUT[0m
Check Architecture Best Practices	UNKNOWN STEP	2026-01-23T18:19:13.5073146Z [36;1m[0m
Check Architecture Best Practices	UNKNOWN STEP	2026-01-23T18:19:13.5073345Z [36;1mif [ "$errors" -gt 0 ]; then[0m
Check Architecture Best Practices	UNKNOWN STEP	2026-01-23T18:19:13.5073683Z [36;1m  echo "Found $errors script(s) exceeding line limit."[0m
Check Architecture Best Practices	UNKNOWN STEP	2026-01-23T18:19:13.5074011Z [36;1m  exit 1[0m
Check Architecture Best Practices	UNKNOWN STEP	2026-01-23T18:19:13.5074218Z [36;1mfi[0m
Check Architecture Best Practices	UNKNOWN STEP	2026-01-23T18:19:13.5074410Z [36;1m[0m
Check Architecture Best Practices	UNKNOWN STEP	2026-01-23T18:19:13.5074814Z [36;1mecho "All scripts within size limits. ($warnings warnings, $large_scripts scripts over 500 lines)"[0m
Check Architecture Best Practices	UNKNOWN STEP	2026-01-23T18:19:13.5075289Z [36;1mecho ""[0m
Check Architecture Best Practices	UNKNOWN STEP	2026-01-23T18:19:13.5075753Z [36;1mecho "Note: Gradual refactoring is encouraged. See scripts/components/ for reusable component patterns."[0m
Check Architecture Best Practices	UNKNOWN STEP	2026-01-23T18:19:13.5111794Z shell: /usr/bin/bash -e {0}
Check Architecture Best Practices	UNKNOWN STEP	2026-01-23T18:19:13.5112098Z ##[endgroup]
Check Architecture Best Practices	UNKNOWN STEP	2026-01-23T18:19:13.5182660Z Checking GDScript file sizes...
Check Architecture Best Practices	UNKNOWN STEP	2026-01-23T18:19:13.5359356Z ##[warning]Script has 2002 lines (warning threshold: 800). Consider splitting into components using the patterns in scripts/components/.
Check Architecture Best Practices	UNKNOWN STEP	2026-01-23T18:19:13.5627385Z ##[warning]Script has 4720 lines (warning threshold: 800). Consider splitting into components using the patterns in scripts/components/.
Check Architecture Best Practices	UNKNOWN STEP	2026-01-23T18:19:13.5778288Z ##[warning]Script has 893 lines (warning threshold: 800). Consider splitting into components using the patterns in scripts/components/.
Check Architecture Best Practices	UNKNOWN STEP	2026-01-23T18:19:13.5904050Z ##[warning]Script has 972 lines (warning threshold: 800). Consider splitting into components using the patterns in scripts/components/.
Check Architecture Best Practices	UNKNOWN STEP	2026-01-23T18:19:13.6078291Z ##[warning]Script has 929 lines (warning threshold: 800). Consider splitting into components using the patterns in scripts/components/.
Check Architecture Best Practices	UNKNOWN STEP	2026-01-23T18:19:13.6113354Z All scripts within size limits. (5 warnings, 8 scripts over 500 lines)
Check Architecture Best Practices	UNKNOWN STEP	2026-01-23T18:19:13.6113836Z 
Check Architecture Best Practices	UNKNOWN STEP	2026-01-23T18:19:13.6114301Z Note: Gradual refactoring is encouraged. See scripts/components/ for reusable component patterns.
Check Architecture Best Practices	UNKNOWN STEP	2026-01-23T18:19:13.6177379Z ##[group]Run echo "Checking component files have class_name..."
Check Architecture Best Practices	UNKNOWN STEP	2026-01-23T18:19:13.6177901Z [36;1mecho "Checking component files have class_name..."[0m
Check Architecture Best Practices	UNKNOWN STEP	2026-01-23T18:19:13.6178257Z [36;1merrors=0[0m
Check Architecture Best Practices	UNKNOWN STEP	2026-01-23T18:19:13.6178479Z [36;1m[0m
Check Architecture Best Practices	UNKNOWN STEP	2026-01-23T18:19:13.6178698Z [36;1m# Check components folder[0m
Check Architecture Best Practices	UNKNOWN STEP	2026-01-23T18:19:13.6179002Z [36;1mif [ -d "scripts/components" ]; then[0m
Check Architecture Best Practices	UNKNOWN STEP	2026-01-23T18:19:13.6179349Z [36;1m  for file in scripts/components/*.gd; do[0m
Check Architecture Best Practices	UNKNOWN STEP	2026-01-23T18:19:13.6179673Z [36;1m    if [ -f "$file" ]; then[0m
Check Architecture Best Practices	UNKNOWN STEP	2026-01-23T18:19:13.6179984Z [36;1m      if ! grep -q "^class_name" "$file"; then[0m
Check Architecture Best Practices	UNKNOWN STEP	2026-01-23T18:19:13.6180437Z [36;1m        echo "::error file=$file::Component script missing class_name declaration"[0m
Check Architecture Best Practices	UNKNOWN STEP	2026-01-23T18:19:13.6180870Z [36;1m        errors=$((errors + 1))[0m
Check Architecture Best Practices	UNKNOWN STEP	2026-01-23T18:19:13.6181139Z [36;1m      fi[0m
Check Architecture Best Practices	UNKNOWN STEP	2026-01-23T18:19:13.6181338Z [36;1m    fi[0m
Check Architecture Best Practices	UNKNOWN STEP	2026-01-23T18:19:13.6181545Z [36;1m  done[0m
Check Architecture Best Practices	UNKNOWN STEP	2026-01-23T18:19:13.6181780Z [36;1mfi[0m
Check Architecture Best Practices	UNKNOWN STEP	2026-01-23T18:19:13.6181967Z [36;1m[0m
Check Architecture Best Practices	UNKNOWN STEP	2026-01-23T18:19:13.6182175Z [36;1m# Check AI states folder[0m
Check Architecture Best Practices	UNKNOWN STEP	2026-01-23T18:19:13.6182607Z [36;1mif [ -d "scripts/ai/states" ]; then[0m
Check Architecture Best Practices	UNKNOWN STEP	2026-01-23T18:19:13.6182929Z [36;1m  for file in scripts/ai/states/*.gd; do[0m
Check Architecture Best Practices	UNKNOWN STEP	2026-01-23T18:19:13.6183236Z [36;1m    if [ -f "$file" ]; then[0m
Check Architecture Best Practices	UNKNOWN STEP	2026-01-23T18:19:13.6183531Z [36;1m      if ! grep -q "^class_name" "$file"; then[0m
Check Architecture Best Practices	UNKNOWN STEP	2026-01-23T18:19:13.6183972Z [36;1m        echo "::error file=$file::AI state script missing class_name declaration"[0m
Check Architecture Best Practices	UNKNOWN STEP	2026-01-23T18:19:13.6184382Z [36;1m        errors=$((errors + 1))[0m
Check Architecture Best Practices	UNKNOWN STEP	2026-01-23T18:19:13.6184649Z [36;1m      fi[0m
Check Architecture Best Practices	UNKNOWN STEP	2026-01-23T18:19:13.6184852Z [36;1m    fi[0m
Check Architecture Best Practices	UNKNOWN STEP	2026-01-23T18:19:13.6185056Z [36;1m  done[0m
Check Architecture Best Practices	UNKNOWN STEP	2026-01-23T18:19:13.6185249Z [36;1mfi[0m
Check Architecture Best Practices	UNKNOWN STEP	2026-01-23T18:19:13.6185446Z [36;1m[0m
Check Architecture Best Practices	UNKNOWN STEP	2026-01-23T18:19:13.6185650Z [36;1mif [ "$errors" -gt 0 ]; then[0m
Check Architecture Best Practices	UNKNOWN STEP	2026-01-23T18:19:13.6186005Z [36;1m  echo "Found $errors files missing class_name declarations."[0m
Check Architecture Best Practices	UNKNOWN STEP	2026-01-23T18:19:13.6186367Z [36;1m  exit 1[0m
Check Architecture Best Practices	UNKNOWN STEP	2026-01-23T18:19:13.6186568Z [36;1mfi[0m
Check Architecture Best Practices	UNKNOWN STEP	2026-01-23T18:19:13.6186762Z [36;1m[0m
Check Architecture Best Practices	UNKNOWN STEP	2026-01-23T18:19:13.6187052Z [36;1mecho "All component/state files have class_name declarations."[0m
Check Architecture Best Practices	UNKNOWN STEP	2026-01-23T18:19:13.6219790Z shell: /usr/bin/bash -e {0}
Check Architecture Best Practices	UNKNOWN STEP	2026-01-23T18:19:13.6220317Z ##[endgroup]
Check Architecture Best Practices	UNKNOWN STEP	2026-01-23T18:19:13.6269510Z Checking component files have class_name...
Check Architecture Best Practices	UNKNOWN STEP	2026-01-23T18:19:13.6376757Z All component/state files have class_name declarations.
Check Architecture Best Practices	UNKNOWN STEP	2026-01-23T18:19:13.6407314Z ##[group]Run echo "Checking project folder structure..."
Check Architecture Best Practices	UNKNOWN STEP	2026-01-23T18:19:13.6407795Z [36;1mecho "Checking project folder structure..."[0m
Check Architecture Best Practices	UNKNOWN STEP	2026-01-23T18:19:13.6408124Z [36;1mrequired_dirs=([0m
Check Architecture Best Practices	UNKNOWN STEP	2026-01-23T18:19:13.6408372Z [36;1m  "scripts/autoload"[0m
Check Architecture Best Practices	UNKNOWN STEP	2026-01-23T18:19:13.6408621Z [36;1m  "scripts/ai"[0m
Check Architecture Best Practices	UNKNOWN STEP	2026-01-23T18:19:13.6408863Z [36;1m  "scripts/characters"[0m
Check Architecture Best Practices	UNKNOWN STEP	2026-01-23T18:19:13.6409121Z [36;1m  "scripts/objects"[0m
Check Architecture Best Practices	UNKNOWN STEP	2026-01-23T18:19:13.6409373Z [36;1m  "scripts/ui"[0m
Check Architecture Best Practices	UNKNOWN STEP	2026-01-23T18:19:13.6409618Z [36;1m  "scenes/characters"[0m
Check Architecture Best Practices	UNKNOWN STEP	2026-01-23T18:19:13.6409877Z [36;1m  "scenes/levels"[0m
Check Architecture Best Practices	UNKNOWN STEP	2026-01-23T18:19:13.6410120Z [36;1m  "scenes/objects"[0m
Check Architecture Best Practices	UNKNOWN STEP	2026-01-23T18:19:13.6410360Z [36;1m  "scenes/ui"[0m
Check Architecture Best Practices	UNKNOWN STEP	2026-01-23T18:19:13.6410583Z [36;1m)[0m
Check Architecture Best Practices	UNKNOWN STEP	2026-01-23T18:19:13.6410771Z [36;1m[0m
Check Architecture Best Practices	UNKNOWN STEP	2026-01-23T18:19:13.6410961Z [36;1merrors=0[0m
Check Architecture Best Practices	UNKNOWN STEP	2026-01-23T18:19:13.6411194Z [36;1mfor dir in "${required_dirs[@]}"; do[0m
Check Architecture Best Practices	UNKNOWN STEP	2026-01-23T18:19:13.6411687Z [36;1m  if [ ! -d "$dir" ]; then[0m
Check Architecture Best Practices	UNKNOWN STEP	2026-01-23T18:19:13.6412055Z [36;1m    echo "::error::Required directory '$dir' not found"[0m
Check Architecture Best Practices	UNKNOWN STEP	2026-01-23T18:19:13.6412687Z [36;1m    errors=$((errors + 1))[0m
Check Architecture Best Practices	UNKNOWN STEP	2026-01-23T18:19:13.6412951Z [36;1m  fi[0m
Check Architecture Best Practices	UNKNOWN STEP	2026-01-23T18:19:13.6413154Z [36;1mdone[0m
Check Architecture Best Practices	UNKNOWN STEP	2026-01-23T18:19:13.6413345Z [36;1m[0m
Check Architecture Best Practices	UNKNOWN STEP	2026-01-23T18:19:13.6413555Z [36;1mif [ "$errors" -gt 0 ]; then[0m
Check Architecture Best Practices	UNKNOWN STEP	2026-01-23T18:19:13.6413955Z [36;1m  echo "Found $errors missing required directories."[0m
Check Architecture Best Practices	UNKNOWN STEP	2026-01-23T18:19:13.6414284Z [36;1m  exit 1[0m
Check Architecture Best Practices	UNKNOWN STEP	2026-01-23T18:19:13.6414490Z [36;1mfi[0m
Check Architecture Best Practices	UNKNOWN STEP	2026-01-23T18:19:13.6414680Z [36;1m[0m
Check Architecture Best Practices	UNKNOWN STEP	2026-01-23T18:19:13.6414922Z [36;1mecho "All required directories present."[0m
Check Architecture Best Practices	UNKNOWN STEP	2026-01-23T18:19:13.6444234Z shell: /usr/bin/bash -e {0}
Check Architecture Best Practices	UNKNOWN STEP	2026-01-23T18:19:13.6444518Z ##[endgroup]
Check Architecture Best Practices	UNKNOWN STEP	2026-01-23T18:19:13.6491673Z Checking project folder structure...
Check Architecture Best Practices	UNKNOWN STEP	2026-01-23T18:19:13.6493713Z All required directories present.
Check Architecture Best Practices	UNKNOWN STEP	2026-01-23T18:19:13.6521092Z ##[group]Run echo "Checking snake_case naming convention for GDScript files..."
Check Architecture Best Practices	UNKNOWN STEP	2026-01-23T18:19:13.6521711Z [36;1mecho "Checking snake_case naming convention for GDScript files..."[0m
Check Architecture Best Practices	UNKNOWN STEP	2026-01-23T18:19:13.6522109Z [36;1merrors=0[0m
Check Architecture Best Practices	UNKNOWN STEP	2026-01-23T18:19:13.6522564Z [36;1m[0m
Check Architecture Best Practices	UNKNOWN STEP	2026-01-23T18:19:13.6522882Z [36;1m# Check GDScript files use snake_case (lowercase with underscores)[0m
Check Architecture Best Practices	UNKNOWN STEP	2026-01-23T18:19:13.6523297Z [36;1mwhile IFS= read -r file; do[0m
Check Architecture Best Practices	UNKNOWN STEP	2026-01-23T18:19:13.6523592Z [36;1m  basename=$(basename "$file" .gd)[0m
Check Architecture Best Practices	UNKNOWN STEP	2026-01-23T18:19:13.6523933Z [36;1m  # Check if filename contains uppercase letters[0m
Check Architecture Best Practices	UNKNOWN STEP	2026-01-23T18:19:13.6524285Z [36;1m  if [[ "$basename" =~ [A-Z] ]]; then[0m
Check Architecture Best Practices	UNKNOWN STEP	2026-01-23T18:19:13.6524776Z [36;1m    echo "::error file=$file::GDScript filename should be snake_case (lowercase with underscores)"[0m
Check Architecture Best Practices	UNKNOWN STEP	2026-01-23T18:19:13.6525277Z [36;1m    errors=$((errors + 1))[0m
Check Architecture Best Practices	UNKNOWN STEP	2026-01-23T18:19:13.6525531Z [36;1m  fi[0m
Check Architecture Best Practices	UNKNOWN STEP	2026-01-23T18:19:13.6525850Z [36;1mdone < <(find scripts -name "*.gd" -type f 2>/dev/null)[0m
Check Architecture Best Practices	UNKNOWN STEP	2026-01-23T18:19:13.6526187Z [36;1m[0m
Check Architecture Best Practices	UNKNOWN STEP	2026-01-23T18:19:13.6526399Z [36;1mif [ "$errors" -gt 0 ]; then[0m
Check Architecture Best Practices	UNKNOWN STEP	2026-01-23T18:19:13.6526726Z [36;1m  echo "Found $errors files with incorrect naming."[0m
Check Architecture Best Practices	UNKNOWN STEP	2026-01-23T18:19:13.6527052Z [36;1m  exit 1[0m
Check Architecture Best Practices	UNKNOWN STEP	2026-01-23T18:19:13.6527258Z [36;1mfi[0m
Check Architecture Best Practices	UNKNOWN STEP	2026-01-23T18:19:13.6527449Z [36;1m[0m
Check Architecture Best Practices	UNKNOWN STEP	2026-01-23T18:19:13.6527702Z [36;1mecho "All GDScript files use snake_case naming."[0m
Check Architecture Best Practices	UNKNOWN STEP	2026-01-23T18:19:13.6557399Z shell: /usr/bin/bash -e {0}
Check Architecture Best Practices	UNKNOWN STEP	2026-01-23T18:19:13.6557680Z ##[endgroup]
Check Architecture Best Practices	UNKNOWN STEP	2026-01-23T18:19:13.6605932Z Checking snake_case naming convention for GDScript files...
Check Architecture Best Practices	UNKNOWN STEP	2026-01-23T18:19:13.7207641Z All GDScript files use snake_case naming.
Check Architecture Best Practices	UNKNOWN STEP	2026-01-23T18:19:13.7299174Z ##[group]Run echo "Checking for potential tight coupling with autoloads..."
Check Architecture Best Practices	UNKNOWN STEP	2026-01-23T18:19:13.7299788Z [36;1mecho "Checking for potential tight coupling with autoloads..."[0m
Check Architecture Best Practices	UNKNOWN STEP	2026-01-23T18:19:13.7300187Z [36;1mwarnings=0[0m
Check Architecture Best Practices	UNKNOWN STEP	2026-01-23T18:19:13.7300415Z [36;1m[0m
Check Architecture Best Practices	UNKNOWN STEP	2026-01-23T18:19:13.7300749Z [36;1m# Look for potential issues (direct global access without null check)[0m
Check Architecture Best Practices	UNKNOWN STEP	2026-01-23T18:19:13.7301173Z [36;1mwhile IFS= read -r file; do[0m
Check Architecture Best Practices	UNKNOWN STEP	2026-01-23T18:19:13.7301531Z [36;1m  # Check for patterns that might indicate tight coupling[0m
Check Architecture Best Practices	UNKNOWN STEP	2026-01-23T18:19:13.7301916Z [36;1m  # This is a soft warning, not an error[0m
Check Architecture Best Practices	UNKNOWN STEP	2026-01-23T18:19:13.7302851Z [36;1m  if grep -qE "^[^#]*\b(GameManager|AudioManager|InputSettings)\.[a-z]" "$file"; then[0m
Check Architecture Best Practices	UNKNOWN STEP	2026-01-23T18:19:13.7303341Z [36;1m    # Check if the same file has null checks[0m
Check Architecture Best Practices	UNKNOWN STEP	2026-01-23T18:19:13.7303826Z [36;1m    if ! grep -qE "get_node_or_null.*/(GameManager|AudioManager|InputSettings)" "$file"; then[0m
Check Architecture Best Practices	UNKNOWN STEP	2026-01-23T18:19:13.7304558Z [36;1m      echo "::warning file=$file::Consider using get_node_or_null for autoload access to improve robustness"[0m
Check Architecture Best Practices	UNKNOWN STEP	2026-01-23T18:19:13.7305080Z [36;1m      warnings=$((warnings + 1))[0m
Check Architecture Best Practices	UNKNOWN STEP	2026-01-23T18:19:13.7305353Z [36;1m    fi[0m
Check Architecture Best Practices	UNKNOWN STEP	2026-01-23T18:19:13.7305551Z [36;1m  fi[0m
Check Architecture Best Practices	UNKNOWN STEP	2026-01-23T18:19:13.7305834Z [36;1mdone < <(find scripts -name "*.gd" -type f 2>/dev/null)[0m
Check Architecture Best Practices	UNKNOWN STEP	2026-01-23T18:19:13.7306335Z [36;1m[0m
Check Architecture Best Practices	UNKNOWN STEP	2026-01-23T18:19:13.7306650Z [36;1mecho "Found $warnings potential coupling warnings (non-blocking)."[0m
Check Architecture Best Practices	UNKNOWN STEP	2026-01-23T18:19:13.7341488Z shell: /usr/bin/bash -e {0}
Check Architecture Best Practices	UNKNOWN STEP	2026-01-23T18:19:13.7341768Z ##[endgroup]
Check Architecture Best Practices	UNKNOWN STEP	2026-01-23T18:19:13.7392900Z Checking for potential tight coupling with autoloads...
Check Architecture Best Practices	UNKNOWN STEP	2026-01-23T18:19:13.7786842Z ##[warning]Consider using get_node_or_null for autoload access to improve robustness
Check Architecture Best Practices	UNKNOWN STEP	2026-01-23T18:19:13.8130276Z ##[warning]Consider using get_node_or_null for autoload access to improve robustness
Check Architecture Best Practices	UNKNOWN STEP	2026-01-23T18:19:13.8159581Z ##[warning]Consider using get_node_or_null for autoload access to improve robustness
Check Architecture Best Practices	UNKNOWN STEP	2026-01-23T18:19:13.8187768Z ##[warning]Consider using get_node_or_null for autoload access to improve robustness
Check Architecture Best Practices	UNKNOWN STEP	2026-01-23T18:19:13.8189302Z Found 4 potential coupling warnings (non-blocking).
Check Architecture Best Practices	UNKNOWN STEP	2026-01-23T18:19:13.8217935Z ##[group]Run echo "=== Architecture Check Complete ==="
Check Architecture Best Practices	UNKNOWN STEP	2026-01-23T18:19:13.8218370Z [36;1mecho "=== Architecture Check Complete ==="[0m
Check Architecture Best Practices	UNKNOWN STEP	2026-01-23T18:19:13.8218696Z [36;1mecho ""[0m
Check Architecture Best Practices	UNKNOWN STEP	2026-01-23T18:19:13.8218928Z [36;1mecho "Checks performed:"[0m
Check Architecture Best Practices	UNKNOWN STEP	2026-01-23T18:19:13.8219289Z [36;1mecho "  âœ“ Script line counts (max 800, warn at 500)"[0m
Check Architecture Best Practices	UNKNOWN STEP	2026-01-23T18:19:13.8219707Z [36;1mecho "  âœ“ class_name declarations for components"[0m
Check Architecture Best Practices	UNKNOWN STEP	2026-01-23T18:19:13.8220061Z [36;1mecho "  âœ“ Required folder structure"[0m
Check Architecture Best Practices	UNKNOWN STEP	2026-01-23T18:19:13.8220395Z [36;1mecho "  âœ“ snake_case naming convention"[0m
Check Architecture Best Practices	UNKNOWN STEP	2026-01-23T18:19:13.8220737Z [36;1mecho "  âœ“ Autoload coupling patterns"[0m
Check Architecture Best Practices	UNKNOWN STEP	2026-01-23T18:19:13.8221022Z [36;1mecho ""[0m
Check Architecture Best Practices	UNKNOWN STEP	2026-01-23T18:19:13.8221269Z [36;1mecho "All critical checks passed!"[0m
Check Architecture Best Practices	UNKNOWN STEP	2026-01-23T18:19:13.8252569Z shell: /usr/bin/bash -e {0}
Check Architecture Best Practices	UNKNOWN STEP	2026-01-23T18:19:13.8252862Z ##[endgroup]
Check Architecture Best Practices	UNKNOWN STEP	2026-01-23T18:19:13.8300997Z === Architecture Check Complete ===
Check Architecture Best Practices	UNKNOWN STEP	2026-01-23T18:19:13.8301360Z 
Check Architecture Best Practices	UNKNOWN STEP	2026-01-23T18:19:13.8301525Z Checks performed:
Check Architecture Best Practices	UNKNOWN STEP	2026-01-23T18:19:13.8302037Z   âœ“ Script line counts (max 800, warn at 500)
Check Architecture Best Practices	UNKNOWN STEP	2026-01-23T18:19:13.8302774Z   âœ“ class_name declarations for components
Check Architecture Best Practices	UNKNOWN STEP	2026-01-23T18:19:13.8303215Z   âœ“ Required folder structure
Check Architecture Best Practices	UNKNOWN STEP	2026-01-23T18:19:13.8303946Z   âœ“ snake_case naming convention
Check Architecture Best Practices	UNKNOWN STEP	2026-01-23T18:19:13.8304524Z   âœ“ Autoload coupling patterns
Check Architecture Best Practices	UNKNOWN STEP	2026-01-23T18:19:13.8304819Z 
Check Architecture Best Practices	UNKNOWN STEP	2026-01-23T18:19:13.8304988Z All critical checks passed!
Check Architecture Best Practices	UNKNOWN STEP	2026-01-23T18:19:13.8392591Z Post job cleanup.
Check Architecture Best Practices	UNKNOWN STEP	2026-01-23T18:19:13.9314315Z [command]/usr/bin/git version
Check Architecture Best Practices	UNKNOWN STEP	2026-01-23T18:19:13.9349065Z git version 2.52.0
Check Architecture Best Practices	UNKNOWN STEP	2026-01-23T18:19:13.9390776Z Temporarily overriding HOME='/home/runner/work/_temp/fcdbdd58-fcf4-4593-adac-c2713afa01a7' before making global git config changes
Check Architecture Best Practices	UNKNOWN STEP	2026-01-23T18:19:13.9391986Z Adding repository directory to the temporary git global config as a safe directory
Check Architecture Best Practices	UNKNOWN STEP	2026-01-23T18:19:13.9396713Z [command]/usr/bin/git config --global --add safe.directory /home/runner/work/Jhon-Crow-godot-topdown-MVP/Jhon-Crow-godot-topdown-MVP
Check Architecture Best Practices	UNKNOWN STEP	2026-01-23T18:19:13.9435633Z [command]/usr/bin/git config --local --name-only --get-regexp core\.sshCommand
Check Architecture Best Practices	UNKNOWN STEP	2026-01-23T18:19:13.9467165Z [command]/usr/bin/git submodule foreach --recursive sh -c "git config --local --name-only --get-regexp 'core\.sshCommand' && git config --local --unset-all 'core.sshCommand' || :"
Check Architecture Best Practices	UNKNOWN STEP	2026-01-23T18:19:13.9690173Z [command]/usr/bin/git config --local --name-only --get-regexp http\.https\:\/\/github\.com\/\.extraheader
Check Architecture Best Practices	UNKNOWN STEP	2026-01-23T18:19:13.9710420Z http.https://github.com/.extraheader
Check Architecture Best Practices	UNKNOWN STEP	2026-01-23T18:19:13.9722681Z [command]/usr/bin/git config --local --unset-all http.https://github.com/.extraheader
Check Architecture Best Practices	UNKNOWN STEP	2026-01-23T18:19:13.9751573Z [command]/usr/bin/git submodule foreach --recursive sh -c "git config --local --name-only --get-regexp 'http\.https\:\/\/github\.com\/\.extraheader' && git config --local --unset-all 'http.https://github.com/.extraheader' || :"
Check Architecture Best Practices	UNKNOWN STEP	2026-01-23T18:19:13.9981105Z [command]/usr/bin/git config --local --name-only --get-regexp ^includeIf\.gitdir:
Check Architecture Best Practices	UNKNOWN STEP	2026-01-23T18:19:14.0012062Z [command]/usr/bin/git submodule foreach --recursive git config --local --show-origin --name-only --get-regexp remote.origin.url
Check Architecture Best Practices	UNKNOWN STEP	2026-01-23T18:19:14.0356392Z Cleaning up orphan processes
